[LOCAL PROFILE] active username="player6964" dev-auth-only=1
[MAIN] start
[MAIN] before engine.init
[CURSOR] loaded custom cursor 100x100 channels=4 hotspot=0,0 mode=top-left
[WINDOW] focused=1
OpenGL 3.3.0 NVIDIA 592.27
[RENDERER] loading shaders
[RENDERER] opening file: shaders/basic.vert
[RENDERER] loaded 1471 bytes
[RENDERER] opening file: shaders/basic.frag
[RENDERER] loaded 4248 bytes
[RENDERER] Shader compile OK: shaders/basic.vert
[RENDERER] Shader compile OK: shaders/basic.frag
[RENDERER] Program link OK
[RENDERER] shaderProgram=3
[ENGINE] Init OK (800x600)
[ENGINE] OpenGL ready
[MAIN] after engine.init
[MAIN] after glfwSetInputMode
[FONT] Loading bitmap font
[FONT] Loading bitmap font descriptor
[FONT] opening file: assets/font/mingliu-mimita-v3.fnt
[FONT] common lineHeight=48 base=38 atlas=256x256
[FONT] Loaded atlas page request id=0 path=assets/font/mingliu-mimita-v3_0.png
[FONT] Loaded atlas page id=0 tex=1 size=256x256
[FONT] Loaded atlas page request id=1 path=assets/font/mingliu-mimita-v3_1.png
[FONT] Loaded atlas page id=1 tex=2 size=256x256
[FONT] Loaded glyphs count=140 kernings=0 pages=2
[FONT] VAO/VBO ready
[MAIN] after fontInit()
[UI] Initializing UI system
[UI] Using built-in rectangle/vector fallback font; asset fonts are optional
[UI] Initializing dedicated screen-space UI shader
[UI] UI shader linked program=6
[MAIN] after uiInit()
[DBGVIS] init
[MAIN] after DebugVis::init()
[DEV CONFIG] Bound F1 (0x122) -> toggle_npc_menu : Toggle NPC Dev Menu
[DEV CONFIG] Bound F2 (0x123) -> spawn_npc : Spawn NPC at cursor
[DEV CONFIG] Bound F3 (0x124) -> teleport_selected_to_player : Teleport selected NPCs to player
[DEV CONFIG] Bound F4 (0x125) -> select_all_npcs : Select all NPCs
[DEV CONFIG] Bound F5 (0x126) -> clear_selection : Clear NPC selection
[DEV CONFIG] Bound F6 (0x127) -> teleport_selected_to_coords : Teleport selected to coordinates
[DEV CONFIG] Bound F7 (0x128) -> npc_menu_select_next : Cycle NPC selection next
[DEV CONFIG] Bound F8 (0x129) -> npc_menu_select_prev : Cycle NPC selection prev
[DEV CONFIG] Bound F9 (0x12A) -> spawn_npc_diff_1 : Spawn NPC difficulty 1
[DEV CONFIG] Bound F10 (0x12B) -> spawn_npc_diff_5 : Spawn NPC difficulty 5
[DEV CONFIG] Bound F11 (0x12C) -> spawn_npc_diff_10 : Spawn NPC difficulty 10
[DEV CONFIG] Bound F12 (0x12D) -> reload_dev_config : Reload this config file
[DEV CONFIG] Loaded 12 bindings from config/dev_controls.txt
[DEV OVERLAY] Initialized
[DEV OVERLAY] Notification: Dev mode enabled. Press ` to open console.
[DEV OVERLAY] Notification: Loaded config: default
[ACCOUNT CONFIG] Loaded 0 binds from config/accounts/default.json
[DUEL STATS] loaded kills=0 deaths=0 points=0 xp=0
[MAIN] Applying resolution: 1024x768
[INPUT COMMANDS] Bound walkforward = W
[INPUT COMMANDS] Bound walkback = S
[INPUT COMMANDS] Bound walkleft = A
[INPUT COMMANDS] Bound walkright = D
[INPUT COMMANDS] Bound jump = SPACE
[INPUT COMMANDS] Bound dash = LEFT_SHIFT
[INPUT COMMANDS] Bound ground_return = B
[INPUT COMMANDS] Bound freeze = G
[INPUT COMMANDS] Bound reload = R
[INPUT COMMANDS] Initialized
[INPUT COMMANDS] Loaded binds from config/accounts/default.json
[DEV COMMANDS] Registered: tp_selected_to_me - Teleport selected NPCs to local player
[DEV COMMANDS] Registered: tp_selected_to_coords - Teleport selected NPCs to coordinates
[DEV COMMANDS] Registered: tp_selected_to_spawn - Teleport selected NPCs to spawn point
[EFFECT PART] Initialized pool size=4096
[HOT RELOAD] loading new DLL C:\important\mimita-priv-v8\build\mimita-game-live-6964-1.dll
[HOT RELOAD] reload success generation=1
[MAIN] dev tools initialized
[MAIN] after glEnable and glBlendFunc()
[MAIN] world object made; world JSON loads when PLAY is pressed so the menu appears first
[TEXTURE] Loading texture assets/textures/default.png
[TEXTURE] Uploading to GPU tex=3 size=64x64 channels=4
[TEXTURE] Upload complete assets/textures/default.png tex=3
[PLAYER GLB] hierarchy nodes=7 bodyColliders=6 root=plrOrigin expected
[TEXTURE] Loading texture assets/outfits/suitv4debug.png
[TEXTURE] Uploading to GPU tex=4 size=2000x2000 channe
