[MAIN] start
[MAIN] before engine.init
[CURSOR] loaded custom cursor 32x32 hotspot=0,0 mode=top-left
[WINDOW] focused=1
OpenGL 3.3.0 NVIDIA 592.27
[RENDERER] loading shaders
[RENDERER] opening file: shaders/basic.vert
[RENDERER] loaded 1471 bytes
[RENDERER] opening file: shaders/basic.frag
[RENDERER] loaded 4248 bytes
[RENDERER] Shader compile OK: shaders/basic.vert
[RENDERER] Shader compile OK: shaders/basic.frag
[RENDERER] Program link OK
[RENDERER] shaderProgram=3
[ENGINE] Init OK (800x600)
[ENGINE] OpenGL ready
[MAIN] after engine.init
[MAIN] after glfwSetInputMode
[FONT] Loading bitmap font
[FONT] Loading bitmap font descriptor
[FONT] opening file: assets/font/mingliu-mimita-v3.fnt
[FONT] common lineHeight=48 base=38 atlas=256x256
[FONT] Loaded atlas page request id=0 path=assets/font/mingliu-mimita-v3_0.png
[FONT] Loaded atlas page id=0 tex=1 size=256x256
[FONT] Loaded atlas page request id=1 path=assets/font/mingliu-mimita-v3_1.png
[FONT] Loaded atlas page id=1 tex=2 size=256x256
[FONT] Loaded glyphs count=140 kernings=0 pages=2
[FONT] VAO/VBO ready
[MAIN] after fontInit()
[UI] Initializing UI system
[UI] Using built-in rectangle/vector fallback font; asset fonts are optional
[UI] Initializing dedicated screen-space UI shader
[UI] UI shader linked program=6
[MAIN] after uiInit()
[DEBUG] DebugVis initialized. 8 collision-vis 9 player-architecture F1 physics F2 UI F3 render F4 collision-log F5 wireframe F6 normals F7 bounds F8 UV F9 light F10 texture F11 AO
[MAIN] after DebugVis::init()
[MAIN] after glEnable and glBlendFunc()
[MAIN] world object made; world JSON loads when PLAY is pressed so the menu appears first
[TEXTURE] Loading texture assets/textures/default.png
[TEXTURE] Uploading to GPU tex=3 size=64x64 channels=4
[TEXTURE] Upload complete assets/textures/default.png tex=3
[PLAYER GLB] hierarchy nodes=7 bodyColliders=6 root=plrOrigin expected
[MAIN] player made
[MAIN] camera made
[ENGINE] Camera bound
[MAIN] camera bound
lallaa 4 
lallaa 4 
lallaa 4 
lallaa 4 
lallaa 4 
lallaa 4 
lallaa 4 
lallaa 4 
lallaa 4 
lallaa 4 
lallaa 4 
lallaa 4 
lallaa 4 
lallaa 4 
lallaa 4 
lallaa 4 
lallaa 4 
lallaa 4 
lallaa 4 
lallaa 4 
lallaa 4 
lallaa 4 
lallaa 4 
lallaa 4 
lallaa 4 
lallaa 4 
lallaa 4 
lallaa 4 
lallaa 4 
lallaa 4 
lallaa 4 
lallaa 4 
lallaa 4 
lallaa 4 
lallaa 4 
lallaa 4 
lallaa 4 
lallaa 4 
lallaa 4 
lallaa 4 
lallaa 4 
lallaa 4 
lallaa 4 
lallaa 4 
lallaa 4 
lallaa 4 
lallaa 4 
lallaa 4 
lallaa 4 
lallaa 4 
lallaa 4 
lallaa 4 
lallaa 4 
lallaa 4 
lallaa 4 
lallaa 4 
lallaa 4 
lallaa 4 
lallaa 4 
lallaa 4 
lallaa 4 
lallaa 4 
lallaa 4 
lallaa 4 
lallaa 4 
lallaa 4 
lallaa 4 
lallaa 4 
lallaa 4 
lallaa 4 
lallaa 4 
lallaa 4 
lallaa 4 
lallaa 4 
lallaa 4 
lallaa 4 
lallaa 4 
lallaa 4 
lallaa 4 
lallaa 4 
lallaa 4 
lallaa 4 
lallaa 4 
lallaa 4 
lallaa 4 
lallaa 4 
lallaa 4 
lallaa 4 
lallaa 4 
lallaa 4 
lallaa 4 
lallaa 4 
lallaa 4 
lallaa 4 
lallaa 4 
lallaa 4 
lallaa 4 
lallaa 4 
lallaa 4 
lallaa 4 
lallaa 4 
lallaa 4 
lallaa 4 
lallaa 4 
lallaa 4 
lallaa 4 
lallaa 4 
lallaa 4 
lallaa 4 
lallaa 4 
lallaa 4 
lallaa 4 
lallaa 4 
lallaa 4 
lallaa 4 
lallaa 4 
lallaa 4 
lallaa 4 
lallaa 4 
lallaa 4 
lallaa 4 
lallaa 4 
lallaa 4 
lallaa 4 
lallaa 4 
lallaa 4 
lallaa 4 
lallaa 4 
lallaa 4 
lallaa 4 
lallaa 4 
lallaa 4 
lallaa 4 
lallaa 4 
lallaa 4 
lallaa 4 
lallaa 4 
lallaa 4 
lallaa 4 
lallaa 4 
lallaa 4 
lallaa 4 
lallaa 4 
lallaa 4 
lallaa 4 
lallaa 4 
lallaa 4 
lallaa 4 
lallaa 4 
lallaa 4 
lallaa 4 
lallaa 4 
lallaa 4 
lallaa 4 
lallaa 4 
lallaa 4 
lallaa 4 
lallaa 4 
lallaa 4 
lallaa 4 
lallaa 4 
lallaa 4 
lallaa 4 
lallaa 4 
lallaa 4 
lallaa 4 
lallaa 4 
lallaa 4 
lallaa 4 
lallaa 4 
lallaa 4 
lallaa 4 
lallaa 4 
lallaa 4 
lallaa 4 
lallaa 4 
lallaa 4 
lallaa 4 
lallaa 4 
lallaa 4 
lallaa 4 
lallaa 4 
lallaa 4 
lallaa 4 
lallaa 4 
lallaa 4 
lallaa 4 
lallaa 4 
lallaa 4 
lallaa 4 
lallaa 4 
lallaa 4 
lallaa 4 
lallaa 4 
lallaa 4 
lallaa 4 
lallaa 4 
lallaa 4 
lallaa 4 
lallaa 4 
lallaa 4 
lallaa 4 
lallaa 4 
lallaa 4 
lallaa 4 
lallaa 4 
lallaa 4 
lallaa 4 
lallaa 4 
lallaa 4 
lallaa 4 
lallaa 4 
lallaa 4 
lallaa 4 
lallaa 4 
lallaa 4 
lallaa 4 
lallaa 4 
lallaa 4 
lallaa 4 
lallaa 4 
lallaa 4 
lallaa 4 
lallaa 4 
lallaa 4 
lallaa 4 
lallaa 4 
lallaa 4 
lallaa 4 
lallaa 4 
lallaa 4 
lallaa 4 
lallaa 4 
lallaa 4 
lallaa 4 
lallaa 4 
lallaa 4 
lallaa 4 
lallaa 4 
lallaa 4 
lallaa 4 
lallaa 4 
lallaa 4 
lallaa 4 
lallaa 4 
lallaa 4 
lallaa 4 
lallaa 4 
lallaa 4 
lallaa 4 
lallaa 4 
lallaa 4 
lallaa 4 
lallaa 4 
lallaa 4 
lallaa 4 
lallaa 4 
lallaa 4 
lallaa 4 
lallaa 4 
lallaa 4 
lallaa 4 
lallaa 4 
lallaa 4 
lallaa 4 
lallaa 4 
lallaa 4 
lallaa 4 
lallaa 4 
lallaa 4 
lallaa 4 
lallaa 4 
lallaa 4 
lallaa 4 
lallaa 4 
lallaa 4 
lallaa 4 
lallaa 4 
lallaa 4 
lallaa 4 
lallaa 4 
lallaa 4 
lallaa 4 
lallaa 4 
lallaa 4 
lallaa 4 
lallaa 4 
lallaa 4 
lallaa 4 
lallaa 4 
lallaa 4 
lallaa 4 
lallaa 4 
lallaa 4 
lallaa 4 
lallaa 4 
lallaa 4 
lallaa 4 
lallaa 4 
lallaa 4 
lallaa 4 
lallaa 4 
lallaa 4 
lallaa 4 
lallaa 4 
lallaa 4 
lallaa 4 
lallaa 4 
lallaa 4 
lallaa 4 
lallaa 4 
lallaa 4 
lallaa 4 
lallaa 4 
lallaa 4 
lallaa 4 
lallaa 4 
lallaa 4 
lallaa 4 
lallaa 4 
lallaa 4 
lallaa 4 
lallaa 4 
lallaa 4 
lallaa 4 
lallaa 4 
lallaa 4 
lallaa 4 
lallaa 4 
lallaa 4 
lallaa 4 
lallaa 4 
lallaa 4 
lallaa 4 
lallaa 4 
lallaa 4 
lallaa 4 
lallaa 4 
lallaa 4 
lallaa 4 
lallaa 4 
lallaa 4 
lallaa 4 
lallaa 4 
lallaa 4 
lallaa 4 
lallaa 4 
lallaa 4 
lallaa 4 
lallaa 4 
lallaa 4 
lallaa 4 
lallaa 4 
lallaa 4 
lallaa 4 
lallaa 4 
lallaa 4 
lallaa 4 
lallaa 4 
lallaa 4 
lallaa 4 
lallaa 4 
lallaa 4 
lallaa 4 
lallaa 4 
lallaa 4 
lallaa 4 
lallaa 4 
lallaa 4 
lallaa 4 
lallaa 4 
lallaa 4 
lallaa 4 
lallaa 4 
lallaa 4 
lallaa 4 
lallaa 4 
lallaa 4 
lallaa 4 
lallaa 4 
lallaa 4 
lallaa 4 
lallaa 4 
lallaa 4 
lallaa 4 
lallaa 4 
lallaa 4 
lallaa 4 
lallaa 4 
lallaa 4 
lallaa 4 
lallaa 4 
lallaa 4 
lallaa 4 
lallaa 4 
lallaa 4 
lallaa 4 
lallaa 4 
lallaa 4 
lallaa 4 
lallaa 4 
lallaa 4 
lallaa 4 
lallaa 4 
lallaa 4 
lallaa 4 
lallaa 4 
lallaa 4 
lallaa 4 
lallaa 4 
lallaa 4 
lallaa 4 
lallaa 4 
lallaa 4 
lallaa 4 
lallaa 4 
lallaa 4 
lallaa 4 
lallaa 4 
lallaa 4 
lallaa 4 
lallaa 4 
lallaa 4 
lallaa 4 
lallaa 4 
lallaa 4 
lallaa 4 
lallaa 4 
lallaa 4 
lallaa 4 
lallaa 4 
lallaa 4 
lallaa 4 
lallaa 4 
lallaa 4 
lallaa 4 
lallaa 4 
lallaa 4 
lallaa 4 
lallaa 4 
lallaa 4 
lallaa 4 
lallaa 4 
lallaa 4 
lallaa 4 
lallaa 4 
lallaa 4 
lallaa 4 
lallaa 4 
lallaa 4 
lallaa 4 
lallaa 4 
lallaa 4 
lallaa 4 
lallaa 4 
lallaa 4 
lallaa 4 
lallaa 4 
lallaa 4 
lallaa 4 
lallaa 4 
lallaa 4 
lallaa 4 
lallaa 4 
lallaa 4 
lallaa 4 
lallaa 4 
lallaa 4 
lallaa 4 
lallaa 4 
lallaa 4 
lallaa 4 
lallaa 4 
lallaa 4 
lallaa 4 
lallaa 4 
lallaa 4 
lallaa 4 
lallaa 4 
lallaa 4 
lallaa 4 
lallaa 4 
lallaa 4 
lallaa 4 
lallaa 4 
lallaa 4 
lallaa 4 
lallaa 4 
lallaa 4 
lallaa 4 
lallaa 4 
lallaa 4 
lallaa 4 
lallaa 4 
lallaa 4 
lallaa 4 
lallaa 4 
lallaa 4 
lallaa 4 
lallaa 4 
lallaa 4 
lallaa 4 
lallaa 4 
lallaa 4 
lallaa 4 
lallaa 4 
lallaa 4 
lallaa 4 
lallaa 4 
lallaa 4 
lallaa 4 
lallaa 4 
lallaa 4 
lallaa 4 
lallaa 4 
lallaa 4 
lallaa 4 
lallaa 4 
lallaa 4 
lallaa 4 
lallaa 4 
lallaa 4 
lallaa 4 
lallaa 4 
lallaa 4 
lallaa 4 
lallaa 4 
lallaa 4 
lallaa 4 
lallaa 4 
lallaa 4 
lallaa 4 
lallaa 4 
lallaa 4 
lallaa 4 
lallaa 4 
lallaa 4 
lallaa 4 
lallaa 4 
lallaa 4 
lallaa 4 
lallaa 4 
lallaa 4 
lallaa 4 
lallaa 4 
lallaa 4 
lallaa 4 
lallaa 4 
lallaa 4 
lallaa 4 
lallaa 4 
lallaa 4 
lallaa 4 
lallaa 4 
lallaa 4 
lallaa 4 
lallaa 4 
lallaa 4 
lallaa 4 
lallaa 4 
lallaa 4 
lallaa 4 
lallaa 4 
lallaa 4 
lallaa 4 
lallaa 4 
lallaa 4 
lallaa 4 
lallaa 4 
lallaa 4 
lallaa 4 
lallaa 4 
lallaa 4 
lallaa 4 
lallaa 4 
lallaa 4 
lallaa 4 
lallaa 4 
lallaa 4 
lallaa 4 
lallaa 4 
lallaa 4 
lallaa 4 
lallaa 4 
lallaa 4 
lallaa 4 
lallaa 4 
lallaa 4 
lallaa 4 
lallaa 4 
lallaa 4 
lallaa 4 
lallaa 4 
lallaa 4 
lallaa 4 
lallaa 4 
lallaa 4 
lallaa 4 
lallaa 4 
lallaa 4 
lallaa 4 
lallaa 4 
lallaa 4 
lallaa 4 
lallaa 4 
lallaa 4 
lallaa 4 
lallaa 4 
lallaa 4 
lallaa 4 
lallaa 4 
lallaa 4 
lallaa 4 
lallaa 4 
lallaa 4 
lallaa 4 
lallaa 4 
lallaa 4 
lallaa 4 
lallaa 4 
lallaa 4 
lallaa 4 
lallaa 4 
lallaa 4 
lallaa 4 
lallaa 4 
lallaa 4 
lallaa 4 
lallaa 4 
lallaa 4 
lallaa 4 
lallaa 4 
lallaa 4 
lallaa 4 
lallaa 4 
lallaa 4 
lallaa 4 
lallaa 4 
lallaa 4 
lallaa 4 
lallaa 4 
lallaa 4 
lallaa 4 
lallaa 4 
lallaa 4 
lallaa 4 
lallaa 4 
lallaa 4 
lallaa 4 
lallaa 4 
lallaa 4 
lallaa 4 
lallaa 4 
lallaa 4 
lallaa 4 
lallaa 4 
lallaa 4 
lallaa 4 
lallaa 4 
lallaa 4 
lallaa 4 
lallaa 4 
lallaa 4 
lallaa 4 
lallaa 4 
lallaa 4 
lallaa 4 
lallaa 4 
lallaa 4 
lallaa 4 
lallaa 4 
lallaa 4 
lallaa 4 
lallaa 4 
lallaa 4 
lallaa 4 
lallaa 4 
lallaa 4 
lallaa 4 
lallaa 4 
lallaa 4 
lallaa 4 
lallaa 4 
lallaa 4 
lallaa 4 
lallaa 4 
lallaa 4 
lallaa 4 
lallaa 4 
lallaa 4 
lallaa 4 
lallaa 4 
lallaa 4 
lallaa 4 
lallaa 4 
lallaa 4 
lallaa 4 
lallaa 4 
lallaa 4 
lallaa 4 
lallaa 4 
lallaa 4 
lallaa 4 
lallaa 4 
lallaa 4 
lallaa 4 
lallaa 4 
lallaa 4 
lallaa 4 
lallaa 4 
lallaa 4 
lallaa 4 
lallaa 4 
lallaa 4 
lallaa 4 
lallaa 4 
lallaa 4 
lallaa 4 
lallaa 4 
lallaa 4 
lallaa 4 
lallaa 4 
lallaa 4 
lallaa 4 
lallaa 4 
lallaa 4 
lallaa 4 
lallaa 4 
lallaa 4 
lallaa 4 
lallaa 4 
lallaa 4 
lallaa 4 
lallaa 4 
lallaa 4 
lallaa 4 
lallaa 4 
lallaa 4 
lallaa 4 
lallaa 4 
lallaa 4 
lallaa 4 
lallaa 4 
lallaa 4 
lallaa 4 
lallaa 4 
lallaa 4 
lallaa 4 
lallaa 4 
lallaa 4 
lallaa 4 
lallaa 4 
lallaa 4 
lallaa 4 
lallaa 4 
lallaa 4 
lallaa 4 
lallaa 4 
lallaa 4 
lallaa 4 
lallaa 4 
lallaa 4 
lallaa 4 
lallaa 4 
lallaa 4 
lallaa 4 
lallaa 4 
lallaa 4 
lallaa 4 
lallaa 4 
lallaa 4 
lallaa 4 
lallaa 4 
lallaa 4 
lallaa 4 
lallaa 4 
lallaa 4 
lallaa 4 
lallaa 4 
lallaa 4 
lallaa 4 
lallaa 4 
lallaa 4 
lallaa 4 
lallaa 4 
lallaa 4 
lallaa 4 
lallaa 4 
lallaa 4 
lallaa 4 
lallaa 4 
lallaa 4 
lallaa 4 
lallaa 4 
lallaa 4 
lallaa 4 
lallaa 4 
lallaa 4 
lallaa 4 
lallaa 4 
lallaa 4 
lallaa 4 
lallaa 4 
lallaa 4 
lallaa 4 
lallaa 4 
lallaa 4 
lallaa 4 
lallaa 4 
lallaa 4 
lallaa 4 
lallaa 4 
lallaa 4 
lallaa 4 
lallaa 4 
lallaa 4 
lallaa 4 
lallaa 4 
lallaa 4 
lallaa 4 
lallaa 4 
lallaa 4 
lallaa 4 
lallaa 4 
lallaa 4 
lallaa 4 
lallaa 4 
lallaa 4 
lallaa 4 
lallaa 4 
lallaa 4 
lallaa 4 
lallaa 4 
lallaa 4 
lallaa 4 
lallaa 4 
lallaa 4 
lallaa 4 
lallaa 4 
lallaa 4 
lallaa 4 
lallaa 4 
lallaa 4 
lallaa 4 
lallaa 4 
lallaa 4 
lallaa 4 
lallaa 4 
lallaa 4 
lallaa 4 
lallaa 4 
lallaa 4 
lallaa 4 
lallaa 4 
lallaa 4 
lallaa 4 
lallaa 4 
lallaa 4 
lallaa 4 
lallaa 4 
lallaa 4 
lallaa 4 
lallaa 4 
lallaa 4 
lallaa 4 
lallaa 4 
lallaa 4 
lallaa 4 
lallaa 4 
lallaa 4 
lallaa 4 
lallaa 4 
lallaa 4 
lallaa 4 
lallaa 4 
lallaa 4 
lallaa 4 
lallaa 4 
lallaa 4 
lallaa 4 
lallaa 4 
lallaa 4 
lallaa 4 
lallaa 4 
lallaa 4 
lallaa 4 
lallaa 4 
lallaa 4 
lallaa 4 
lallaa 4 
lallaa 4 
lallaa 4 
lallaa 4 
lallaa 4 
lallaa 4 
lallaa 4 
lallaa 4 
lallaa 4 
lallaa 4 
lallaa 4 
lallaa 4 
lallaa 4 
lallaa 4 
lallaa 4 
lallaa 4 
lallaa 4 
lallaa 4 
lallaa 4 
lallaa 4 
lallaa 4 
lallaa 4 
lallaa 4 
lallaa 4 
lallaa 4 
lallaa 4 
lallaa 4 
lallaa 4 
lallaa 4 
lallaa 4 
lallaa 4 
lallaa 4 
lallaa 4 
lallaa 4 
lallaa 4 
lallaa 4 
lallaa 4 
lallaa 4 
lallaa 4 
lallaa 4 
lallaa 4 
lallaa 4 
lallaa 4 
lallaa 4 
lallaa 4 
lallaa 4 
lallaa 4 
lallaa 4 
lallaa 4 
lallaa 4 
lallaa 4 
lallaa 4 
lallaa 4 
lallaa 4 
lallaa 4 
lallaa 4 
lallaa 4 
lallaa 4 
lallaa 4 
lallaa 4 
lallaa 4 
lallaa 4 
lallaa 4 
lallaa 4 
lallaa 4 
lallaa 4 
lallaa 4 
lallaa 4 
lallaa 4 
lallaa 4 
lallaa 4 
lallaa 4 
lallaa 4 
lallaa 4 
lallaa 4 
lallaa 4 
lallaa 4 
lallaa 4 
lallaa 4 
lallaa 4 
lallaa 4 
lallaa 4 
lallaa 4 
lallaa 4 
lallaa 4 
lallaa 4 
lallaa 4 
lallaa 4 
lallaa 4 
lallaa 4 
lallaa 4 
lallaa 4 
lallaa 4 
lallaa 4 
lallaa 4 
lallaa 4 
lallaa 4 
lallaa 4 
lallaa 4 
lallaa 4 
lallaa 4 
lallaa 4 
lallaa 4 
lallaa 4 
lallaa 4 
lallaa 4 
lallaa 4 
lallaa 4 
lallaa 4 
lallaa 4 
lallaa 4 
lallaa 4 
lallaa 4 
lallaa 4 
lallaa 4 
lallaa 4 
lallaa 4 
lallaa 4 
lallaa 4 
lallaa 4 
lallaa 4 
lallaa 4 
lallaa 4 
lallaa 4 
lallaa 4 
lallaa 4 
lallaa 4 
lallaa 4 
lallaa 4 
lallaa 4 
lallaa 4 
lallaa 4 
lallaa 4 
lallaa 4 
lallaa 4 
lallaa 4 
lallaa 4 
lallaa 4 
lallaa 4 
lallaa 4 
lallaa 4 
lallaa 4 
lallaa 4 
lallaa 4 
lallaa 4 
lallaa 4 
lallaa 4 
lallaa 4 
lallaa 4 
lallaa 4 
lallaa 4 
lallaa 4 
lallaa 4 
lallaa 4 
lallaa 4 
lallaa 4 
lallaa 4 
lallaa 4 
lallaa 4 
lallaa 4 
lallaa 4 
lallaa 4 
lallaa 4 
lallaa 4 
lallaa 4 
lallaa 4 
lallaa 4 
lallaa 4 
lallaa 4 
lallaa 4 
lallaa 4 
lallaa 4 
lallaa 4 
lallaa 4 
lallaa 4 
lallaa 4 
lallaa 4 
lallaa 4 
lallaa 4 
lallaa 4 
lallaa 4 
lallaa 4 
lallaa 4 
lallaa 4 
lallaa 4 
lallaa 4 
lallaa 4 
lallaa 4 
lallaa 4 
lallaa 4 
lallaa 4 
lallaa 4 
lallaa 4 
lallaa 4 
lallaa 4 
lallaa 4 
lallaa 4 
lallaa 4 
lallaa 4 
lallaa 4 
lallaa 4 
lallaa 4 
lallaa 4 
lallaa 4 
lallaa 4 
lallaa 4 
lallaa 4 
lallaa 4 
lallaa 4 
lallaa 4 
lallaa 4 
lallaa 4 
lallaa 4 
lallaa 4 
lallaa 4 
lallaa 4 
lallaa 4 
lallaa 4 
lallaa 4 
lallaa 4 
lallaa 4 
lallaa 4 
lallaa 4 
lallaa 4 
lallaa 4 
lallaa 4 
lallaa 4 
lallaa 4 
lallaa 4 
lallaa 4 
lallaa 4 
lallaa 4 
lallaa 4 
lallaa 4 
lallaa 4 
lallaa 4 
lallaa 4 
lallaa 4 
lallaa 4 
lallaa 4 
lallaa 4 
lallaa 4 
lallaa 4 
lallaa 4 
lallaa 4 
lallaa 4 
lallaa 4 
lallaa 4 
lallaa 4 
lallaa 4 
lallaa 4 
lallaa 4 
lallaa 4 
lallaa 4 
lallaa 4 
lallaa 4 
lallaa 4 
lallaa 4 
lallaa 4 
lallaa 4 
lallaa 4 
lallaa 4 
lallaa 4 
lallaa 4 
lallaa 4 
lallaa 4 
lallaa 4 
lallaa 4 
lallaa 4 
lallaa 4 
lallaa 4 
lallaa 4 
lallaa 4 
lallaa 4 
lallaa 4 
lallaa 4 
lallaa 4 
lallaa 4 
lallaa 4 
lallaa 4 
lallaa 4 
lallaa 4 
lallaa 4 
lallaa 4 
lallaa 4 
lallaa 4 
lallaa 4 
lallaa 4 
lallaa 4 
lallaa 4 
lallaa 4 
lallaa 4 
lallaa 4 
lallaa 4 
lallaa 4 
lallaa 4 
lallaa 4 
lallaa 4 
lallaa 4 
lallaa 4 
lallaa 4 
lallaa 4 
lallaa 4 
lallaa 4 
lallaa 4 
lallaa 4 
lallaa 4 
lallaa 4 
lallaa 4 
lallaa 4 
lallaa 4 
lallaa 4 
lallaa 4 
lallaa 4 
lallaa 4 
lallaa 4 
lallaa 4 
lallaa 4 
lallaa 4 
lallaa 4 
lallaa 4 
lallaa 4 
lallaa 4 
lallaa 4 
lallaa 4 
lallaa 4 
lallaa 4 
lallaa 4 
lallaa 4 
lallaa 4 
lallaa 4 
lallaa 4 
lallaa 4 
lallaa 4 
lallaa 4 
lallaa 4 
lallaa 4 
lallaa 4 
lallaa 4 
lallaa 4 
lallaa 4 
lallaa 4 
lallaa 4 
lallaa 4 
lallaa 4 
lallaa 4 
lallaa 4 
lallaa 4 
lallaa 4 
lallaa 4 
lallaa 4 
lallaa 4 
lallaa 4 
lallaa 4 
lallaa 4 
lallaa 4 
lallaa 4 
lallaa 4 
lallaa 4 
lallaa 4 
lallaa 4 
lallaa 4 
lallaa 4 
lallaa 4 
lallaa 4 
lallaa 4 
lallaa 4 
lallaa 4 
lallaa 4 
lallaa 4 
lallaa 4 
lallaa 4 
lallaa 4 
lallaa 4 
lallaa 4 
lallaa 4 
lallaa 4 
lallaa 4 
lallaa 4 
lallaa 4 
lallaa 4 
lallaa 4 
lallaa 4 
lallaa 4 
lallaa 4 
lallaa 4 
lallaa 4 
lallaa 4 
lallaa 4 
lallaa 4 
lallaa 4 
lallaa 4 
lallaa 4 
lallaa 4 
lallaa 4 
lallaa 4 
lallaa 4 
lallaa 4 
lallaa 4 
lallaa 4 
lallaa 4 
lallaa 4 
lallaa 4 
lallaa 4 
lallaa 4 
lallaa 4 
lallaa 4 
lallaa 4 
lallaa 4 
lallaa 4 
lallaa 4 
lallaa 4 
lallaa 4 
lallaa 4 
lallaa 4 
lallaa 4 
lallaa 4 
lallaa 4 
lallaa 4 
lallaa 4 
lallaa 4 
lallaa 4 
lallaa 4 
lallaa 4 
lallaa 4 
lallaa 4 
lallaa 4 
lallaa 4 
lallaa 4 
lallaa 4 
lallaa 4 
lallaa 4 
lallaa 4 
lallaa 4 
lallaa 4 
lallaa 4 
lallaa 4 
lallaa 4 
lallaa 4 
lallaa 4 
lallaa 4 
lallaa 4 
lallaa 4 
lallaa 4 
lallaa 4 
lallaa 4 
lallaa 4 
lallaa 4 
lallaa 4 
lallaa 4 
lallaa 4 
lallaa 4 
lallaa 4 
lallaa 4 
lallaa 4 
lallaa 4 
lallaa 4 
lallaa 4 
lallaa 4 
lallaa 4 
lallaa 4 
lallaa 4 
lallaa 4 
lallaa 4 
lallaa 4 
lallaa 4 
lallaa 4 
lallaa 4 
lallaa 4 
lallaa 4 
lallaa 4 
lallaa 4 
lallaa 4 
lallaa 4 
lallaa 4 
lallaa 4 
lallaa 4 
lallaa 4 
lallaa 4 
lallaa 4 
lallaa 4 
lallaa 4 
lallaa 4 
lallaa 4 
lallaa 4 
lallaa 4 
lallaa 4 
lallaa 4 
lallaa 4 
lallaa 4 
lallaa 4 
lallaa 4 
lallaa 4 
lallaa 4 
lallaa 4 
lallaa 4 
lallaa 4 
lallaa 4 
lallaa 4 
lallaa 4 
lallaa 4 
lallaa 4 
lallaa 4 
lallaa 4 
lallaa 4 
lallaa 4 
lallaa 4 
lallaa 4 
lallaa 4 
lallaa 4 
lallaa 4 
lallaa 4 
lallaa 4 
lallaa 4 
lallaa 4 
lallaa 4 
lallaa 4 
lallaa 4 
lallaa 4 
lallaa 4 
lallaa 4 
lallaa 4 
lallaa 4 
lallaa 4 
lallaa 4 
lallaa 4 
lallaa 4 
lallaa 4 
lallaa 4 
lallaa 4 
lallaa 4 
lallaa 4 
lallaa 4 
lallaa 4 
lallaa 4 
lallaa 4 
lallaa 4 
lallaa 4 
lallaa 4 
lallaa 4 
lallaa 4 
lallaa 4 
lallaa 4 
lallaa 4 
lallaa 4 
lallaa 4 
lallaa 4 
lallaa 4 
lallaa 4 
lallaa 4 
lallaa 4 
lallaa 4 
lallaa 4 
lallaa 4 
lallaa 4 
lallaa 4 
lallaa 4 
lallaa 4 
lallaa 4 
lallaa 4 
lallaa 4 
lallaa 4 
lallaa 4 
lallaa 4 
lallaa 4 
lallaa 4 
lallaa 4 
lallaa 4 
lallaa 4 
lallaa 4 
lallaa 4 
lallaa 4 
lallaa 4 
lallaa 4 
lallaa 4 
lallaa 4 
lallaa 4 
lallaa 4 
lallaa 4 
lallaa 4 
lallaa 4 
lallaa 4 
lallaa 4 
lallaa 4 
lallaa 4 
lallaa 4 
lallaa 4 
lallaa 4 
lallaa 4 
lallaa 4 
lallaa 4 
lallaa 4 
lallaa 4 
lallaa 4 
lallaa 4 
lallaa 4 
lallaa 4 
lallaa 4 
lallaa 4 
lallaa 4 
lallaa 4 
lallaa 4 
lallaa 4 
lallaa 4 
lallaa 4 
lallaa 4 
lallaa 4 
lallaa 4 
lallaa 4 
lallaa 4 
lallaa 4 
lallaa 4 
lallaa 4 
lallaa 4 
lallaa 4 
lallaa 4 
lallaa 4 
lallaa 4 
lallaa 4 
lallaa 4 
lallaa 4 
lallaa 4 
lallaa 4 
lallaa 4 
lallaa 4 
lallaa 4 
lallaa 4 
lallaa 4 
lallaa 4 
lallaa 4 
lallaa 4 
lallaa 4 
lallaa 4 
lallaa 4 
lallaa 4 
lallaa 4 
lallaa 4 
lallaa 4 
lallaa 4 
lallaa 4 
lallaa 4 
lallaa 4 
lallaa 4 
lallaa 4 
lallaa 4 
lallaa 4 
lallaa 4 
lallaa 4 
lallaa 4 
lallaa 4 
lallaa 4 
lallaa 4 
lallaa 4 
lallaa 4 
lallaa 4 
lallaa 4 
lallaa 4 
lallaa 4 
lallaa 4 
lallaa 4 
lallaa 4 
lallaa 4 
lallaa 4 
lallaa 4 
lallaa 4 
lallaa 4 
lallaa 4 
lallaa 4 
lallaa 4 
lallaa 4 
lallaa 4 
lallaa 4 
lallaa 4 
lallaa 4 
lallaa 4 
lallaa 4 
lallaa 4 
lallaa 4 
lallaa 4 
lallaa 4 
lallaa 4 
lallaa 4 
lallaa 4 
lallaa 4 
lallaa 4 
lallaa 4 
lallaa 4 
lallaa 4 
lallaa 4 
lallaa 4 
lallaa 4 
lallaa 4 
lallaa 4 
lallaa 4 
lallaa 4 
lallaa 4 
lallaa 4 
lallaa 4 
lallaa 4 
lallaa 4 
lallaa 4 
lallaa 4 
lallaa 4 
lallaa 4 
lallaa 4 
lallaa 4 
lallaa 4 
lallaa 4 
lallaa 4 
lallaa 4 
lallaa 4 
lallaa 4 
lallaa 4 
lallaa 4 
lallaa 4 
lallaa 4 
lallaa 4 
lallaa 4 
lallaa 4 
lallaa 4 
lallaa 4 
lallaa 4 
lallaa 4 
lallaa 4 
lallaa 4 
lallaa 4 
lallaa 4 
lallaa 4 
lallaa 4 
lallaa 4 
lallaa 4 
lallaa 4 
lallaa 4 
lallaa 4 
lallaa 4 
lallaa 4 
lallaa 4 
lallaa 4 
lallaa 4 
lallaa 4 
lallaa 4 
lallaa 4 
lallaa 4 
lallaa 4 
lallaa 4 
lallaa 4 
lallaa 4 
lallaa 4 
lallaa 4 
lallaa 4 
lallaa 4 
lallaa 4 
lallaa 4 
lallaa 4 
lallaa 4 
lallaa 4 
lallaa 4 
lallaa 4 
lallaa 4 
lallaa 4 
lallaa 4 
lallaa 4 
lallaa 4 
lallaa 4 
lallaa 4 
lallaa 4 
lallaa 4 
lallaa 4 
lallaa 4 
lallaa 4 
lallaa 4 
lallaa 4 
lallaa 4 
lallaa 4 
lallaa 4 
lallaa 4 
lallaa 4 
lallaa 4 
lallaa 4 
lallaa 4 
lallaa 4 
lallaa 4 
lallaa 4 
lallaa 4 
lallaa 4 
lallaa 4 
lallaa 4 
lallaa 4 
lallaa 4 
lallaa 4 
lallaa 4 
lallaa 4 
lallaa 4 
lallaa 4 
lallaa 4 
lallaa 4 
lallaa 4 
lallaa 4 
lallaa 4 
lallaa 4 
lallaa 4 
lallaa 4 
lallaa 4 
lallaa 4 
lallaa 4 
lallaa 4 
lallaa 4 
lallaa 4 
lallaa 4 
lallaa 4 
lallaa 4 
lallaa 4 
lallaa 4 
lallaa 4 
lallaa 4 
lallaa 4 
lallaa 4 
lallaa 4 
lallaa 4 
lallaa 4 
lallaa 4 
lallaa 4 
lallaa 4 
lallaa 4 
lallaa 4 
lallaa 4 
lallaa 4 
lallaa 4 
lallaa 4 
lallaa 4 
lallaa 4 
lallaa 4 
lallaa 4 
lallaa 4 
lallaa 4 
lallaa 4 
lallaa 4 
lallaa 4 
lallaa 4 
lallaa 4 
lallaa 4 
lallaa 4 
lallaa 4 
lallaa 4 
lallaa 4 
lallaa 4 
lallaa 4 
lallaa 4 
lallaa 4 
lallaa 4 
lallaa 4 
lallaa 4 
lallaa 4 
lallaa 4 
lallaa 4 
lallaa 4 
lallaa 4 
lallaa 4 
lallaa 4 
lallaa 4 
lallaa 4 
lallaa 4 
lallaa 4 
lallaa 4 
lallaa 4 
lallaa 4 
lallaa 4 
lallaa 4 
lallaa 4 
lallaa 4 
lallaa 4 
lallaa 4 
lallaa 4 
lallaa 4 
lallaa 4 
lallaa 4 
lallaa 4 
lallaa 4 
lallaa 4 
lallaa 4 
lallaa 4 
lallaa 4 
lallaa 4 
lallaa 4 
lallaa 4 
lallaa 4 
lallaa 4 
lallaa 4 
lallaa 4 
lallaa 4 
lallaa 4 
lallaa 4 
lallaa 4 
lallaa 4 
lallaa 4 
lallaa 4 
lallaa 4 
lallaa 4 
lallaa 4 
lallaa 4 
lallaa 4 
lallaa 4 
lallaa 4 
lallaa 4 
lallaa 4 
lallaa 4 
lallaa 4 
lallaa 4 
lallaa 4 
lallaa 4 
lallaa 4 
lallaa 4 
lallaa 4 
lallaa 4 
lallaa 4 
lallaa 4 
lallaa 4 
lallaa 4 
lallaa 4 
lallaa 4 
lallaa 4 
lallaa 4 
lallaa 4 
lallaa 4 
lallaa 4 
lallaa 4 
lallaa 4 
lallaa 4 
lallaa 4 
lallaa 4 
lallaa 4 
lallaa 4 
lallaa 4 
lallaa 4 
lallaa 4 
lallaa 4 
lallaa 4 
lallaa 4 
lallaa 4 
lallaa 4 
lallaa 4 
lallaa 4 
lallaa 4 
lallaa 4 
lallaa 4 
lallaa 4 
lallaa 4 
lallaa 4 
lallaa 4 
lallaa 4 
lallaa 4 
lallaa 4 
lallaa 4 
lallaa 4 
lallaa 4 
lallaa 4 
lallaa 4 
lallaa 4 
lallaa 4 
lallaa 4 
lallaa 4 
lallaa 4 
lal